
> mfnews-backend@0.0.1 test
> jest --verbose

PASS src/news/news.service.spec.ts
  NewsService
    √ should be defined (24 ms)

FAIL src/news/news.controller.spec.ts
  NewsController
    × should be defined (26 ms)
    findAll
      × debería devolver un array de noticias (5 ms)

  ● NewsController › should be defined

    Nest can't resolve dependencies of the AuthGuard (?). Please make sure that the argument JwtService at index [0] is available in the RootTestModule context.

    Potential solutions:
    - Is RootTestModule a valid NestJS module?
    - If JwtService is a provider, is it part of the current RootTestModule?
    - If JwtService is exported from a separate @Module, is that module imported within RootTestModule?
      @Module({
        imports: [ /* the Module containing JwtService */ ]
      })

    For more common dependency resolution issues, see: https://docs.nestjs.com/faq/common-errors

    [0m [90m 17 |[39m
     [90m 18 |[39m   beforeEach([36masync[39m () [33m=>[39m {
    [31m[1m>[22m[39m[90m 19 |[39m     [36mconst[39m module[33m:[39m [33mTestingModule[39m [33m=[39m [36mawait[39m [33mTest[39m[33m.[39mcreateTestingModule({
     [90m    |[39m                                   [31m[1m^[22m[39m
     [90m 20 |[39m       controllers[33m:[39m [[33mNewsController[39m][33m,[39m
     [90m 21 |[39m       providers[33m:[39m [
     [90m 22 |[39m         {[0m

      at TestingInjector.lookupComponentInParentModules (../node_modules/@nestjs/core/injector/injector.js:286:19)
      at TestingInjector.resolveComponentWrapper (../node_modules/@nestjs/testing/testing-injector.js:19:45)
      at resolveParam (../node_modules/@nestjs/core/injector/injector.js:140:38)
          at async Promise.all (index 0)
      at TestingInjector.resolveConstructorParams (../node_modules/@nestjs/core/injector/injector.js:169:27)
      at TestingInjector.loadInstance (../node_modules/@nestjs/core/injector/injector.js:75:13)
      at TestingInjector.loadInjectable (../node_modules/@nestjs/core/injector/injector.js:99:9)
      at ../node_modules/@nestjs/core/injector/instance-loader.js:80:13
          at async Promise.all (index 0)
      at TestingInstanceLoader.createInstancesOfInjectables (../node_modules/@nestjs/core/injector/instance-loader.js:79:9)
      at ../node_modules/@nestjs/core/injector/instance-loader.js:41:13
          at async Promise.all (index 1)
      at TestingInstanceLoader.createInstances (../node_modules/@nestjs/core/injector/instance-loader.js:39:9)
      at TestingInstanceLoader.createInstancesOfDependencies (../node_modules/@nestjs/core/injector/instance-loader.js:22:13)
      at TestingInstanceLoader.createInstancesOfDependencies (../node_modules/@nestjs/testing/testing-instance-loader.js:9:9)
      at TestingModuleBuilder.createInstancesOfDependencies (../node_modules/@nestjs/testing/testing-module.builder.js:118:9)
      at TestingModuleBuilder.compile (../node_modules/@nestjs/testing/testing-module.builder.js:74:9)
      at Object.<anonymous> (news/news.controller.spec.ts:19:35)

  ● NewsController › findAll › debería devolver un array de noticias

    Nest can't resolve dependencies of the AuthGuard (?). Please make sure that the argument JwtService at index [0] is available in the RootTestModule context.

    Potential solutions:
    - Is RootTestModule a valid NestJS module?
    - If JwtService is a provider, is it part of the current RootTestModule?
    - If JwtService is exported from a separate @Module, is that module imported within RootTestModule?
      @Module({
        imports: [ /* the Module containing JwtService */ ]
      })

    For more common dependency resolution issues, see: https://docs.nestjs.com/faq/common-errors

    [0m [90m 17 |[39m
     [90m 18 |[39m   beforeEach([36masync[39m () [33m=>[39m {
    [31m[1m>[22m[39m[90m 19 |[39m     [36mconst[39m module[33m:[39m [33mTestingModule[39m [33m=[39m [36mawait[39m [33mTest[39m[33m.[39mcreateTestingModule({
     [90m    |[39m                                   [31m[1m^[22m[39m
     [90m 20 |[39m       controllers[33m:[39m [[33mNewsController[39m][33m,[39m
     [90m 21 |[39m       providers[33m:[39m [
     [90m 22 |[39m         {[0m

      at TestingInjector.lookupComponentInParentModules (../node_modules/@nestjs/core/injector/injector.js:286:19)
      at TestingInjector.resolveComponentWrapper (../node_modules/@nestjs/testing/testing-injector.js:19:45)
      at resolveParam (../node_modules/@nestjs/core/injector/injector.js:140:38)
          at async Promise.all (index 0)
      at TestingInjector.resolveConstructorParams (../node_modules/@nestjs/core/injector/injector.js:169:27)
      at TestingInjector.loadInstance (../node_modules/@nestjs/core/injector/injector.js:75:13)
      at TestingInjector.loadInjectable (../node_modules/@nestjs/core/injector/injector.js:99:9)
      at ../node_modules/@nestjs/core/injector/instance-loader.js:80:13
          at async Promise.all (index 0)
      at TestingInstanceLoader.createInstancesOfInjectables (../node_modules/@nestjs/core/injector/instance-loader.js:79:9)
      at ../node_modules/@nestjs/core/injector/instance-loader.js:41:13
          at async Promise.all (index 1)
      at TestingInstanceLoader.createInstances (../node_modules/@nestjs/core/injector/instance-loader.js:39:9)
      at TestingInstanceLoader.createInstancesOfDependencies (../node_modules/@nestjs/core/injector/instance-loader.js:22:13)
      at TestingInstanceLoader.createInstancesOfDependencies (../node_modules/@nestjs/testing/testing-instance-loader.js:9:9)
      at TestingModuleBuilder.createInstancesOfDependencies (../node_modules/@nestjs/testing/testing-module.builder.js:118:9)
      at TestingModuleBuilder.compile (../node_modules/@nestjs/testing/testing-module.builder.js:74:9)
      at Object.<anonymous> (news/news.controller.spec.ts:19:35)

Test Suites: 1 failed, 1 passed, 2 total
Tests:       2 failed, 1 passed, 3 total
Snapshots:   0 total
Time:        4.399 s
Ran all test suites.
